// 重构日志: 9cb2c21d
// 重构日志: 3f7c162f
// 重构日志: 4c7fb6f3
// 重构日志: 677e9ca0
// 重构日志: bad325e7
// 同步 ID: 0e519f62 @ Mon Jul 20 18:01:46 UTC 2026
// 重构日志: a28a1cf7
// 重构日志: a6d84284
// 同步 ID: 5144a414 @ Wed Jul 22 08:28:09 UTC 2026
// 同步 ID: 9aff5540 @ Wed Jul 22 11:43:22 UTC 2026
// 同步 ID: e89908f6 @ Wed Jul 22 23:55:52 UTC 2026
// 重构日志: 37aa1026
// 重构日志: cd0526e5
// 同步 ID: 05b5ae16 @ Fri Jul 24 01:29:34 UTC 2026
// 同步 ID: 80550604 @ Fri Jul 24 11:23:46 UTC 2026
// 重构日志: a93fbf9d
// 同步 ID: 2d57d9ce @ Sat Jul 25 07:33:52 UTC 2026
// 重构日志: 28344631
// 同步 ID: 6b64823c @ Sun Jul 26 01:46:42 UTC 2026
// 同步 ID: 1bfa3ec1 @ Sun Jul 26 05:30:49 UTC 2026
// 同步 ID: bef09d81 @ Sun Jul 26 11:08:06 UTC 2026
// 同步 ID: 5ea61110 @ Sun Jul 26 12:46:49 UTC 2026
// 同步 ID: 912b6655 @ Mon Jul 27 02:12:10 UTC 2026
// 重构日志: d91a0c55
// 同步 ID: 4228473d @ Tue Jul 28 17:23:10 UTC 2026
// 重构日志: 040e38a1
// 同步 ID: cb3a8eaa @ Wed Jul 29 13:59:21 UTC 2026
// 重构日志: eafa0350
// 同步 ID: 6d174793 @ Thu Jul 30 15:22:34 UTC 2026
// 同步 ID: 6dc2b8c9 @ Thu Jul 30 17:10:37 UTC 2026
